// Jest Snapshot v1, https://goo.gl/fbAQLP

exports[`<Footer /> snapshot 1`] = `
<DocumentFragment>
  <footer
    class="mt-auto text-center pb-4"
  >
    <div
      class="xl:hidden flex flex-row justify-center gap-4"
    >
      <div>
        Social Links Mock
      </div>
    </div>
    <span
      class="font-medium text-xs text-neutral-700"
    >
      Â© 2022 Designed & Built by Jun Lim 
    </span>
  </footer>
</DocumentFragment>
`;
