// Jest Snapshot v1, https://goo.gl/fbAQLP

exports[`<Switch /> snapshot 1`] = `
<DocumentFragment>
  <input
    class="switch"
    type="checkbox"
  />
</DocumentFragment>
`;
